0000		COPY     START   0
			EXTDEF  BUFFER,BUFEND,LENGTH
			EXTREF  RDREC,WRREC
0000	17202A    	FIRST    STL     RETADR
0003	4B100000  	CLOOP    +JSUB   RDREC
0007	032026    	LDA     LENGTH
000A	290000    	COMP    #0
000D	332007    	JEQ     ENDFIL
0010	4B100000  	+JSUB   WRREC
0014	3F2FEC    	J       CLOOP
0017	032010    	ENDFIL   LDA     EOF
001A	0F2016    	STA     BUFFER
001D	010003    	LDA     #3
0020	0F200D    	STA     LENGTH
0023	4B100000  	+JSUB   WRREC
0027	3E2003    	J       @RETADR
002A	454F46    	EOF      BYTE    C'EOF'
002D			RETADR   RESW    1
0030			LENGTH   RESW    1
0033			BUFFER   RESB    4096
1033			BUFEND   EQU     *
0000		RDREC    CSECT
			EXTREF  BUFFER,LENGTH,BUFEND
0000	B410      	CLEAR   X
0002	B400      	CLEAR   A
0004	B440      	CLEAR   S
0006	75101000  	+LDT    #4096
000A	E3201B    	RLOOP    TD      INPUT
000D	332FFA    	JEQ     RLOOP
0010	DB2015    	RD      INPUT
0013	A004      	COMPR   A,S
0015	332009    	JEQ     EXIT
0018	57900000  	+STCH   BUFFER,X
001C	B850      	TIXR    T
001E	3B2FE9    	JLT     RLOOP
0021	13100000  	EXIT     +STX    LENGTH
0025	4F0000    	RSUB
0028	F1        	INPUT    BYTE    X'F1'
0000		WRREC    CSECT
			EXTREF  LENGTH,BUFFER
0000	B410      	CLEAR   X
0002	77100000  	+LDT    LENGTH
0006	E32012    	WLOOP    TD      OUTPUT
0009	332FFA    	JEQ     WLOOP
000C	53900000  	+LDCH   BUFFER,X
0010	DF2008    	WD      OUTPUT
0013	B850      	TIXR    T
0015	3B2FEE    	JLT     WLOOP
0018	4F0000    	RSUB
001B	05        	OUTPUT   BYTE    X'05'
			END     FIRST
